# rdborrow 0.0.4.2 mode: installed 
WARNING (x 2 ): extreme order statistics used as endpoints 
x5 * 1 : 2.064756 3.943234 
WARNING (x 2 ): extreme order statistics used as endpoints 
WARNING (x 13 ): Solution may be inaccurate. Try another solver, adjusting the solver settings,
or solve with `verbose = TRUE` for more information. 
x5 * 10 : 1.988643 4.165104 
ERROR: requires numeric/complex matrix/vector arguments 
WARNING (x 21 ): Solution may be inaccurate. Try another solver, adjusting the solver settings,
or solve with `verbose = TRUE` for more information. 
x5 * 100 : 
WARNING (x 2 ): extreme order statistics used as endpoints 
WARNING (x 42 ): Solution may be inaccurate. Try another solver, adjusting the solver settings,
or solve with `verbose = TRUE` for more information. 
x5 * 300 : 1.987855 4.198134 
ERROR: requires numeric/complex matrix/vector arguments 
x5 * 1000 : 
       x1               x2               x3             x4       
 Min.   :0.0000   Min.   :0.0000   Min.   :0.00   Min.   : 1.00  
 1st Qu.:0.0000   1st Qu.:1.0000   1st Qu.:0.00   1st Qu.: 4.00  
 Median :1.0000   Median :1.0000   Median :0.00   Median : 7.00  
 Mean   :0.6733   Mean   :0.8933   Mean   :0.32   Mean   :10.65  
 3rd Qu.:1.0000   3rd Qu.:1.0000   3rd Qu.:1.00   3rd Qu.:15.00  
 Max.   :1.0000   Max.   :1.0000   Max.   :1.00   Max.   :69.00  
       x5        
 Min.   : 8.404  
 1st Qu.:30.762  
 Median :42.163  
 Mean   :42.422  
 3rd Qu.:53.383  
 Max.   :83.636  
       x1        x2        x3        x4        x5 
"numeric" "numeric" "numeric" "numeric" "numeric" 
