# rdborrow 0.0.4.2 mode: installed 
outcome columns: y1 y2 y3 y4 y5 y6 y7 y8 
means by group:
  S A   y1   y2   y3   y4   y5    y6    y7    y8
1 0 0 0.95 1.91 2.88 3.84 4.83  5.77  6.74  7.69
2 1 0 3.07 4.07 5.09 6.15 8.13 10.16 12.21 14.27
3 1 1 3.56 4.61 5.64 6.65 8.23 10.22 12.31 14.30

## ipw  (truth 1, 2, 3, 4)
     point_estimates lower_CI_boot upper_CI_boot
tau5           0.988         0.920         1.050
tau6           1.966         1.857         2.028
tau7           3.007         2.892         3.085
tau8           3.978         3.867         4.034

## aipw  (truth 1, 2, 3, 4)
     point_estimates lower_CI_boot upper_CI_boot
tau5           0.955         0.912         0.990
tau6           1.932         1.876         1.978
tau7           2.971         2.916         3.031
tau8           3.941         3.869         4.013

## or  (truth 1, 2, 3, 4)
     point_estimates lower_CI_boot upper_CI_boot
tau5           0.960         0.921         1.005
tau6           1.937         1.880         1.985
tau7           2.981         2.923         3.042
tau8           3.943         3.872         4.004
