=== W1 weights nonnegative and sum to one
lambda=0     min weight -8.16e-11, max |colsum - 1| 1.47e-12, max nonzero per control 5
lambda=0.01  min weight -6.49e-11, max |colsum - 1| 1.61e-12, max nonzero per control 5
lambda=1     min weight -6.13e-11, max |colsum - 1| 1.22e-11, max nonzero per control 4

base lambda=0: 1.9861, 2.7238 (true 1.5, 2)
S1 permute rows                                            lambda=0     max|dev| = 5.22e-11 HOLDS
S1b permute external-control rows only                     lambda=0     max|dev| = 1.68e-11 HOLDS
S2 +100 to every outcome                                   lambda=0     max|dev| = 3.96e-07 HOLDS
S3 covariates and outcomes * 3 -> tau * 3                  lambda=0     max|dev| = 5.59e-06 HOLDS
S4 EC period II + (1, 3) -> tau - (1, 3)                   lambda=0     max|dev| = 2.25e-13 HOLDS
S5 scramble treated-arm period I (unused)                  lambda=0     max|dev| = 0 HOLDS
S6 scramble trial-control period II (unused)               lambda=0     max|dev| = 0 HOLDS
S7 outcomes only * 3 (not promised; Eq. 7 is unscaled)     lambda=0     max|dev| = 0.149 FAILS
S8 x1 in other units (* 1000) (not promised)               lambda=0     max|dev| = 0.484 FAILS

base lambda=0.01: 1.9742, 2.7247 (true 1.5, 2)
S1 permute rows                                            lambda=0.01  max|dev| = 1.34e-11 HOLDS
S1b permute external-control rows only                     lambda=0.01  max|dev| = 9.26e-12 HOLDS
S2 +100 to every outcome                                   lambda=0.01  max|dev| = 2.55e-07 HOLDS
S3 covariates and outcomes * 3 -> tau * 3                  lambda=0.01  max|dev| = 1.19e-05 FAILS
S4 EC period II + (1, 3) -> tau - (1, 3)                   lambda=0.01  max|dev| = 4.71e-13 HOLDS
S5 scramble treated-arm period I (unused)                  lambda=0.01  max|dev| = 0 HOLDS
S6 scramble trial-control period II (unused)               lambda=0.01  max|dev| = 0 HOLDS
S7 outcomes only * 3 (not promised; Eq. 7 is unscaled)     lambda=0.01  max|dev| = 0.0601 FAILS
S8 x1 in other units (* 1000) (not promised)               lambda=0.01  max|dev| = 0.894 FAILS
Warning message:
Solution may be inaccurate. Try another solver, adjusting the solver settings,
or solve with `verbose = TRUE` for more information. 
