=== numeric A, trt_formula given
  WARNING x2: extreme order statistics used as endpoints
     point_estimates lower_CI_boot upper_CI_boot
tau3        1.378025      1.133516      1.590418
tau4        1.841997      1.572875      2.201549

=== A as factor, levels c('0', '1')
  WARNING x2: extreme order statistics used as endpoints
     point_estimates lower_CI_boot upper_CI_boot
tau3        1.378025      1.133516      1.590418
tau4        1.841997      1.572875      2.201549

=== A as factor, levels c('1', '0') (e.g. 'treated' listed first)
  WARNING x2: extreme order statistics used as endpoints
     point_estimates lower_CI_boot upper_CI_boot
tau3        1.325705     0.6697676      2.035589
tau4        1.762529     0.9341458      2.559199
[1] "ERROR: ‘sum’ not meaningful for factors"
  WARNING x2: extreme order statistics used as endpoints
     point_estimates lower_CI_boot upper_CI_boot
tau3        1.391646      1.080626      1.580641
tau4        1.876952      1.475895      2.080115
  WARNING x2: extreme order statistics used as endpoints
     point_estimates lower_CI_boot upper_CI_boot
tau3        2.055042      1.865748      2.166369
tau4        2.453182      2.111015      2.619706

=== S as factor, levels c('1', '0')
[1] "ERROR: ‘sum’ not meaningful for factors"
[1] "ERROR: ‘sum’ not meaningful for factors"
  WARNING x2: extreme order statistics used as endpoints
     point_estimates lower_CI_boot upper_CI_boot
tau3        2.055042      2.033104      2.107346
tau4        2.453182      2.272568      2.624429
